2026-08-22T17:55:36.330310+00:00 fetch failed HYPEUSDT 15: HTTP Error 403: Forbidden
2026-08-22T17:55:48.538560+00:00 fetch failed HYPEUSDT 60: HTTP Error 403: Forbidden
2026-08-22T17:56:00.813836+00:00 fetch failed BTCUSDT D: HTTP Error 403: Forbidden
2026-08-22T17:56:13.069686+00:00 fetch failed ETHUSDT D: HTTP Error 403: Forbidden
2026-08-22T17:56:25.437144+00:00 fetch failed SOLUSDT D: HTTP Error 403: Forbidden
2026-08-22T18:00:26.065321+00:00 fetch failed HYPEUSDT 15: HTTP Error 403: Forbidden
2026-08-22T18:00:38.354937+00:00 fetch failed HYPEUSDT 60: HTTP Error 403: Forbidden
2026-08-22T18:00:50.543323+00:00 fetch failed BTCUSDT D: HTTP Error 403: Forbidden
2026-08-22T18:01:02.695815+00:00 fetch failed ETHUSDT D: HTTP Error 403: Forbidden
2026-08-22T18:01:14.905945+00:00 fetch failed SOLUSDT D: HTTP Error 403: Forbidden
2026-08-22T18:02:54.658237+00:00 fetch failed HYPEUSDT 15: HTTP Error 403: Forbidden
2026-08-22T18:03:24.902736+00:00 fetch failed HYPEUSDT 60: HTTP Error 403: Forbidden
2026-08-22T18:03:55.244776+00:00 fetch failed BTCUSDT D: HTTP Error 403: Forbidden
2026-08-22T18:04:25.480780+00:00 fetch failed ETHUSDT D: HTTP Error 403: Forbidden
2026-08-22T18:04:55.812515+00:00 fetch failed SOLUSDT D: HTTP Error 403: Forbidden
2026-08-22T18:11:02.913848+00:00 fetch failed HYPEUSDT 15: HTTP Error 403: Forbidden
2026-08-22T18:11:34.981862+00:00 fetch failed HYPEUSDT 60: HTTP Error 403: Forbidden
2026-08-22T18:11:35.687172+00:00 OPEN [donchian BTCUSDT]
2026-08-22T18:11:36.369700+00:00 OPEN [donchian ETHUSDT]
2026-08-22T18:11:37.058733+00:00 OPEN [donchian SOLUSDT]
2026-08-22T18:19:19.922238+00:00 fetch failed HYPEUSDT 15: HTTP Error 403: Forbidden
2026-08-22T18:19:52.809899+00:00 fetch failed HYPEUSDT 60: HTTP Error 403: Forbidden
2026-08-22T18:49:27.186754+00:00 fetch failed HYPEUSDT 15: HTTP Error 403: Forbidden
2026-08-22T18:49:59.168404+00:00 fetch failed HYPEUSDT 60: HTTP Error 403: Forbidden
